[
["Alaró", "5282"],
["Alaior", "8959"],
["Alcúdia", "19296"],
["Algaida", "5294"],
["Andratx", "10873"],
["Ariany", "859"],
["Artà", "7448"],
["Banyalbufar", "522"],
["Binisalem", "7966"],
["Búger", "1050"],
["Bunyola", "6669"],
["Calvià", "49580"],
["Campanet", "2507"],
["Campos", "10164"],
["Capdepera", "11356"],
["Ciutadella", "28641"],
["Consell", "3869"],
["Costitx", "1496"],
["Deià", "642"],
["Escorca", "230"],
["Esporles", "4959"],
["Estellencs", "323"],
["Felanitx", "17319"],
["Ferreries", "4617"],
["Formentera", "12124"],
["Fornalutx", "687"],
["Eivissa", "49549"],
["Inca", "30944"],
["Lloret de Vistalegre", "1257"],
["Lloseta", "5710"],
["Llubí", "2157"],
["Llucmajor", "35057"],
["Maó", "28099"],
["Manacor", "40279"],
["Manacor de la Vall", "1383"],
["Maria de la Salut", "2073"],
["Marratxí", "36001"],
["Es Mercadal", "5098"],
["Montuiri", "2884"],
["Muro", "6729"],
["Palma", "402949"],
["Petra", "2774"],
["Pollença", "16222"],
["Porreres", "5197"],
["Sa Pobla", "12714"],
["Puigpunyent", "2021"],
["Ses Salines", "4895"],
["Sant Antoni", "24478"],
["Es Migjorn", "1419"],
["Sant Josep", "25849"],
["Sant Joan", "2042"],
["Sant Joan de Labritja", "6070"],
["Sant Llorenç", "8138"],
["Sant Lluís", "7313"],
["Sencelles", "3096"],
["Santa Eugènia", "1636"],
["Santa Eulària", "36119"],
["Santa Margalida", "11632"],
["Santa María del Camí", "6832"],
["Santanyí", "11220"],
["Selva", "3864"],
["Sineu", "3269"],
["Sóller", "13791"],
["Son Servera", "11119"],
["Valldemossa", "2003"],
["Es Castell", "7455"],
["Vilafranca de Bonany", "2941"]
]
