[
["Alaró", "https:\/\/www.trivago.es\/alaro-89376\/hotel"],
["Alaior", "https:\/\/www.trivago.es\/alaior-31727\/hotel"],
["Alcúdia", "https:\/\/www.trivago.es\/alcudia-31673\/hotel"],
["Algaida", "https:\/\/www.trivago.es\/algaida-50702\/hotel"],
["Andratx", "https:\/\/www.trivago.es\/andraitx-31674\/hotel"],
["Ariany", "https:\/\/www.trivago.es\/ariany-353771\/hotel"],
["Artà", "https:\/\/www.trivago.es\/arta-31675\/hotel"],
["Banyalbufar", "https:\/\/www.trivago.es\/banyalbufar-31676\/hotel"],
["Binisalem", "https:\/\/www.trivago.es\/binissalem-94152\/hotel"],
["Búger", "https:\/\/www.trivago.es\/buger-117676\/hotel"],
["Bunyola", "https:\/\/www.trivago.es\/bunyola-89377\/hotel"],
["Calvià", "https:\/\/www.trivago.es\/calvia-73271\/hotel"],
["Campanet", "https:\/\/www.trivago.es\/campanet-44280\/hotel"],
["Campos", "https:\/\/www.trivago.es\/campos-31693\/hotel"],
["Capdepera", "https:\/\/www.trivago.es\/capdepera-44350\/hotel"],
["Ciutadella", "https:\/\/www.trivago.es\/ciutadella-31741\/hotel"],
["Consell", "https:\/\/www.trivago.es\/consell-353776\/hotel"],
["Costitx", "https:\/\/www.trivago.es\/costitx-353781\/hotel"],
["Deià", "https:\/\/www.trivago.es\/deya-89384\/hotel"],
["Escorca", "https:\/\/www.trivago.es\/escorca-353786\/hotel"],
["Esporles", "https:\/\/www.trivago.es\/esporlas-89386\/hotel"],
["Estellencs", "https:\/\/www.trivago.es\/estellencs-31698\/hotel"],
["Felanitx", "https:\/\/www.trivago.es\/felanitx-89387\/hotel"],
["Ferreries", "https:\/\/www.trivago.es\/ferreries-31745\/hotel"],
["Formentera", "https:\/\/www.trivago.es\/formentera-31638\/hotel"],
["Fornalutx", "https:\/\/www.trivago.es\/fornalutx-89388\/hotel"],
["Eivissa", "https:\/\/www.trivago.es\/ibiza-31644\/hotel"],
["Inca", "https:\/\/www.trivago.es\/inca-31701\/hotel"],
["Lloret de Vistalegre", "https:\/\/www.trivago.es\/lloret-de-vistalegre-103491\/hotel"],
["Lloseta", "https:\/\/www.trivago.es\/lloseta-89389\/hotel"],
["Llubí", "https:\/\/www.trivago.es\/llubi-353791\/hotel"],
["Llucmajor", "https:\/\/www.trivago.es\/llucmajor-31702\/hotel"],
["Maó", "https:\/\/www.trivago.es\/mahon-31747\/hotel"],
["Manacor", "https:\/\/www.trivago.es\/manacor-31705\/hotel"],
["Manacor de la Vall", "https:\/\/www.trivago.es\/mancor-de-la-vall-353796\/hotel"],
["Maria de la Salut", "https:\/\/www.trivago.es\/maria-de-la-salut-353801\/hotel"],
["Marratxí", "https:\/\/www.trivago.es\/marratxi-353806\/hotel"],
["Es Mercadal", "https:\/\/www.trivago.es\/es-mercadal-31744\/hotel"],
["Montuiri", "https:\/\/www.trivago.es\/montuiri-89391\/hotel"],
["Muro", "https:\/\/www.trivago.es\/muro-353811\/hotel"],
["Palma", "https:\/\/www.trivago.es\/palma-31707\/hotel"],
["Petra", "https:\/\/www.trivago.es\/petra-94484\/hotel"],
["Pollença", "https:\/\/www.trivago.es\/pollensa-31710\/hotel"],
["Porreres", "https:\/\/www.trivago.es\/porreres-117666\/hotel"],
["Sa Pobla", "https:\/\/www.trivago.es\/sa-pobla-353816\/hotel"],
["Puigpunyent", "https:\/\/www.trivago.es\/puigpunyent-93826\/hotel"],
["Ses Salines", "https:\/\/www.trivago.es\/ses-salines-102352\/hotel"],
["Sant Antoni", "https:\/\/www.trivago.es\/san-antonio-31665\/hotel"],
["Es Migjorn", "https:\/\/www.trivago.es\/es-migjorn-gran-353856\/hotel"],
["Sant Josep", "https:\/\/www.trivago.es\/sant-josep-de-sa-talaia-31668\/hotel"],
["Sant Joan", "https:\/\/www.trivago.es\/san-juan-93917\/hotel"],
["Sant Joan de Labritja", "https:\/\/www.trivago.es\/portinatx-31663\/hotel"],
["Sant Llorenç", "https:\/\/www.trivago.es\/sant-llorenc-des-cardassar-353826\/hotel"],
["Sant Lluís", "https:\/\/www.trivago.es\/sant-lluis-31753\/hotel"],
["Sencelles", "https:\/\/www.trivago.es\/sencelles-353846\/hotel"],
["Santa Eugènia", "https:\/\/www.trivago.es\/santa-eugenia-353831\/hotel"],
["Santa Eulària", "https:\/\/www.trivago.es\/santa-eulalia-31667\/hotel"],
["Santa Margalida", "https:\/\/www.trivago.es\/santa-margarita-117671\/hotel"],
["Santa María del Camí", "https:\/\/www.trivago.es\/santa-maria-del-cami-50711\/hotel"],
["Santanyí", "https:\/\/www.trivago.es\/santanyi-353836\/hotel"],
["Selva", "https:\/\/www.trivago.es\/selva-353841\/hotel"],
["Sineu", "https:\/\/www.trivago.es\/sineu-117661\/hotel"],
["Sóller", "https:\/\/www.trivago.es\/soller-31721\/hotel"],
["Son Servera", "https:\/\/www.trivago.es\/son-servera-89400\/hotel"],
["Valldemossa", "https:\/\/www.trivago.es\/valldemossa-31722\/hotel"],
["Es Castell", "https:\/\/www.trivago.es\/es-castell-31742\/hotel"],
["Vilafranca de Bonany", "https:\/\/www.trivago.es\/vilafranca-de-bonany-353851\/hotel"]
]
