[
["Alaró", "https:\/\/www.tripadvisor.es\/Restaurants-g652119-Alaior_Menorca_Balearic_Islands.html"],
["Alaior", "https:\/\/www.tripadvisor.es\/Restaurants-g652119-Alaior_Menorca_Balearic_Islands.html"],
["Alcúdia", "https:\/\/www.tripadvisor.es\/Restaurants-g1233772-Alcudia_Majorca_Balearic_Islands.html"],
["Algaida", "https:\/\/www.tripadvisor.es\/Restaurants-g1055122-Algaida_Majorca_Balearic_Islands.html"],
["Andratx", "https:\/\/www.tripadvisor.es\/Restaurants-g4980169-Andratx_Majorca_Balearic_Islands.html"],
["Ariany", "https:\/\/www.tripadvisor.es\/Restaurants-g7295088-Ariany_Majorca_Balearic_Islands.html"],
["Artà", "https:\/\/www.tripadvisor.es\/Restaurants-g616236-Arta_Majorca_Balearic_Islands.html"],
["Banyalbufar", "https:\/\/www.tripadvisor.es\/Restaurants-g319792-Banyalbufar_Majorca_Balearic_Islands.html"],
["Binisalem", "https:\/\/www.tripadvisor.es\/Restaurants-g580285-Binissalem_Majorca_Balearic_Islands.html"],
["Búger", "https:\/\/www.tripadvisor.es\/Restaurants-g1068144-Buger_Majorca_Balearic_Islands.html"],
["Bunyola", "https:\/\/www.tripadvisor.es\/Restaurants-g1068161-Bunyola_Majorca_Balearic_Islands.html"],
["Calvià", "https:\/\/www.tripadvisor.es\/Restaurants-g580293-Calvia_Majorca_Balearic_Islands.html"],
["Campanet", "https:\/\/www.tripadvisor.es\/Restaurants-g1068165-Campanet_Majorca_Balearic_Islands.html"],
["Campos", "https:\/\/www.tripadvisor.es\/Restaurants-g187465-Ciutadella_Menorca_Balearic_Islands.html"],
["Capdepera", "https:\/\/www.tripadvisor.es\/Restaurants-g187465-Ciutadella_Menorca_Balearic_Islands.html"],
["Ciutadella", "https:\/\/www.tripadvisor.es\/Restaurants-g187465-Ciutadella_Menorca_Balearic_Islands.html"],
["Consell", "https:\/\/www.tripadvisor.es\/Restaurants-g4771204-c36-Consell_Majorca_Balearic_Islands.html"],
["Costitx", "https:\/\/www.tripadvisor.es\/Restaurants-g1189089-Costitx_Majorca_Balearic_Islands.html"],
["Deià", "https:\/\/www.tripadvisor.es\/Restaurants-g1937798-Escorca_Majorca_Balearic_Islands.html"],
["Escorca", "https:\/\/www.tripadvisor.es\/Restaurants-g1937798-Escorca_Majorca_Balearic_Islands.html"],
["Esporles", "https:\/\/www.tripadvisor.es\/Restaurants-g1006061-Esporles_Majorca_Balearic_Islands.html"],
["Estellencs", "https:\/\/www.tripadvisor.es\/Restaurants-g1913197-Estellencs_Majorca_Balearic_Islands.html"],
["Felanitx", "https:\/\/www.tripadvisor.es\/Restaurants-g616238-Felanitx_Majorca_Balearic_Islands.html"],
["Ferreries", "https:\/\/www.tripadvisor.es\/Restaurants-g1189106-Ferreries_Menorca_Balearic_Islands.html"],
["Formentera", "https:\/\/www.tripadvisor.es\/Restaurants-g652119-Alaior_Menorca_Balearic_Islands.html"],
["Fornalutx", "https:\/\/www.tripadvisor.es\/Restaurants-g652119-Alaior_Menorca_Balearic_Islands.html"],
["Eivissa", "https:\/\/www.tripadvisor.es\/Restaurants-g664638-Ibiza_Town_Ibiza_Balearic_Islands.html"],
["Inca", "https:\/\/www.tripadvisor.es\/Restaurants-g1064376-Inca_Majorca_Balearic_Islands.html"],
["Lloret de Vistalegre", "https:\/\/www.tripadvisor.es\/Restaurants-g2261568-Lloret_de_Vistalegre_Majorca_Balearic_Islands.html"],
["Lloseta", "https:\/\/www.tripadvisor.es\/Restaurants-g580300-Lloseta_Majorca_Balearic_Islands.html"],
["Llubí", "https:\/\/www.tripadvisor.es\/Restaurants-g580300-Lloseta_Majorca_Balearic_Islands.html"],
["Llucmajor", "https:\/\/www.tripadvisor.es\/Restaurants-g673340-Llucmajor_Majorca_Balearic_Islands.html"],
["Maó", "https:\/\/www.tripadvisor.es\/Restaurants-g642211-Mahon_Menorca_Balearic_Islands.html"],
["Manacor", "https:\/\/www.tripadvisor.es\/Restaurants-g580304-Manacor_Majorca_Balearic_Islands.html"],
["Manacor de la Vall", "https:\/\/www.tripadvisor.es\/Restaurants-g2034114-Mancor_de_la_Vall_Majorca_Balearic_Islands.html"],
["Maria de la Salut", "https:\/\/www.tripadvisor.es\/Restaurants-g642210-Maria_de_la_Salut_Majorca_Balearic_Islands.html"],
["Marratxí", "https:\/\/www.tripadvisor.es\/Restaurants-g2154325-Marratxi_Majorca_Balearic_Islands.html"],
["Es Mercadal", "https:\/\/www.tripadvisor.es\/Restaurants-g1068631-Mercadal_Menorca_Balearic_Islands.html"],
["Montuiri", "https:\/\/www.tripadvisor.es\/Restaurants-g1068062-Montuiri_Majorca_Balearic_Islands.html"],
["Muro", "https:\/\/www.tripadvisor.es\/Restaurants-g562816-Muro_Majorca_Balearic_Islands.html"],
["Palma", "https:\/\/www.tripadvisor.es\/Restaurants-g187463-Palma_de_Mallorca_Majorca_Balearic_Islands.html"],
["Petra", "https:\/\/www.tripadvisor.es\/Restaurants-g1068167-Petra_Majorca_Balearic_Islands.html"],
["Pollença", "https:\/\/www.tripadvisor.es\/Restaurants-g319793-Pollenca_Majorca_Balearic_Islands.html"],
["Porreres", "https:\/\/www.tripadvisor.es\/Restaurants-g652118-Porreres_Majorca_Balearic_Islands.html"],
["Sa Pobla", "https:\/\/www.tripadvisor.es\/Restaurants-g1874768-Sa_Pobla_Majorca_Balearic_Islands.html"],
["Puigpunyent", "https:\/\/www.tripadvisor.es\/Restaurants-g580313-Puigpunyent_Majorca_Balearic_Islands.html"],
["Ses Salines", "https:\/\/www.tripadvisor.es\/Restaurants-g616237-Ses_Salines_Majorca_Balearic_Islands.html"],
["Sant Antoni", "https:\/\/www.tripadvisor.es\/Restaurants-g652116-Sant_Antoni_de_Portmany_Ibiza_Balearic_Islands.html"],
["Es Migjorn", "https:\/\/www.tripadvisor.es\/Restaurants-g642212-Migjorn_Gran_Menorca_Balearic_Islands.html"],
["Sant Josep", "https:\/\/www.tripadvisor.es\/Restaurants-g673348-Sant_Josep_de_Sa_Talaia_Ibiza_Balearic_Islands.html"],
["Sant Joan", "https:\/\/www.tripadvisor.es\/Restaurants-g2317545-Sant_Joan_Majorca_Balearic_Islands.html"],
["Sant Joan de Labritja", "https:\/\/www.tripadvisor.es\/Restaurants-g1028034-Sant_Joan_de_Labritja_Ibiza_Balearic_Islands.html"],
["Sant Llorenç", "https:\/\/www.tripadvisor.es\/Restaurants-g1068061-Sant_Llorenc_des_Cardassar_Majorca_Balearic_Islands.html"],
["Sant Lluís", "https:\/\/www.tripadvisor.es\/Restaurants-g656875-Sant_Lluis_Menorca_Balearic_Islands.html"],
["Sencelles", "https:\/\/www.tripadvisor.es\/Restaurants-g1068138-Sencelles_Majorca_Balearic_Islands.html"],
["Santa Eugènia", "https:\/\/www.tripadvisor.es\/Restaurants-g1068070-Santa_Eugenia_Majorca_Balearic_Islands.html"],
["Santa Eulària", "https:\/\/www.tripadvisor.es\/Restaurants-g642208-Santa_Eulalia_del_Rio_Ibiza_Balearic_Islands.html"],
["Santa Margalida", "https:\/\/www.tripadvisor.es\/Restaurants-g1068141-Santa_Margalida_Majorca_Balearic_Islands.html"],
["Santa María del Camí", "https:\/\/www.tripadvisor.es\/Restaurants-g580315-Santa_Maria_del_Cami_Majorca_Balearic_Islands.html"],
["Santanyí", "https:\/\/www.tripadvisor.es\/Restaurants-g663368-Santanyi_Majorca_Balearic_Islands.html"],
["Selva", "https:\/\/www.tripadvisor.es\/Restaurants-g1068163-Selva_Majorca_Balearic_Islands.html"],
["Sineu", "https:\/\/www.tripadvisor.es\/Restaurants-g616240-Sineu_Majorca_Balearic_Islands.html"],
["Sóller", "https:\/\/www.tripadvisor.es\/Restaurants-g319794-Soller_Majorca_Balearic_Islands.html"],
["Son Servera", "https:\/\/www.tripadvisor.es\/Restaurants-g580317-Son_Servera_Majorca_Balearic_Islands.html"],
["Valldemossa", "https:\/\/www.tripadvisor.es\/Restaurants-g580319-Valldemossa_Majorca_Balearic_Islands.html"],
["Es Castell", "https:\/\/www.tripadvisor.es\/Restaurants-g673869-Es_Castell_Menorca_Balearic_Islands.html"],
["Vilafranca de Bonany", "https:\/\/www.tripadvisor.es\/Restaurants-g1068166-Vilafranca_de_Bonany_Majorca_Balearic_Islands.html"]
]
